[BEGIN GLOBALS]
simpleConsoleTest
str_0 "Message 1"
[END GLOBALS]
[BEGIN <init> LOCALS]
[END <init> LOCALS]
fun_<init>: enter <init>
lbl_0:      leave <init>
[BEGIN simpleConsoleTest LOCALS]
x (local var of 8 bytes)
[END simpleConsoleTest LOCALS]
fun_simpleConsoleTest: enter simpleConsoleTest
            WRITE str_0
            READ [x]
            WRITE [x]
lbl_1:      leave simpleConsoleTest
